ok - real Herdr lab: an opted-out spawn retains the Stage 1 Herdr command sequence with zero ordering calls
ok - real Herdr lab: a home that configured nothing is projected by default on herdr 0.9.1
ok - real Herdr lab: a fresh same-project space renders one level below its exact home, with create, prune, and move preserving focus
ok - real Herdr lab: persisted-focused seeded prune proceeds when no live client is attached
ok - real Herdr lab: bounded lock contention warns and falls back flat without projection or focus drift
ok - real Herdr lab: concurrent primary workers form one stable contiguous block without active workspace/tab drift
ok - real Herdr lab: forced workspace.move failure leaves a successful worker in default order with a warning and no cleanup
ok - real Herdr lab: concurrent post-create abort cleanup stays serialized with exact focus restoration
ok - real Herdr lab: an aborted carried recovery keeps the task record and durable lease for a rerun
not ok - aborted carried recovery did not report its retained carried lease: warning: /tmp/fm-herdr-presentation.HQLfjN/home/data/carry-backlog/launch-brief.md records no ship branch; defaulting to legacy branch fm/carry-backlog
warning: /tmp/fm-herdr-presentation.HQLfjN/home/data/carry-backlog/launch-brief.md records no delivery contract line (scaffolded before ship briefs recorded one); launching on the explicit --mode no-mistakes - confirm its definition of done matches
error: task carry-backlog cannot be dispatched because its backlog data directory is inaccessible: /tmp/fm-herdr-presentation.HQLfjN/home/data (automatic backlog transitions require tasks-axi 0.2.6 or newer with the required update and mv features)
rm: cannot remove '/tmp/fm-herdr-presentation.HQLfjN/home/state/carry-backlog.git-hooks/sendemail-validate': Permission denied
rm: cannot remove '/tmp/fm-herdr-presentation.HQLfjN/home/state/carry-backlog.git-hooks/pre-auto-gc': Permission denied
rm: cannot remove '/tmp/fm-herdr-presentation.HQLfjN/home/state/carry-backlog.git-hooks/post-rewrite': Permission denied
rm: cannot remove '/tmp/fm-herdr-presentation.HQLfjN/home/state/carry-backlog.git-hooks/pre-push': Permission denied
rm: cannot remove '/tmp/fm-herdr-presentation.HQLfjN/home/state/carry-backlog.git-hooks/post-merge': Permission denied
rm: cannot remove '/tmp/fm-herdr-presentation.HQLfjN/home/state/carry-backlog.git-hooks/post-checkout': Permission denied
rm: cannot remove '/tmp/fm-herdr-presentation.HQLfjN/home/state/carry-backlog.git-hooks/pre-rebase': Permission denied
rm: cannot remove '/tmp/fm-herdr-presentation.HQLfjN/home/state/carry-backlog.git-hooks/post-commit': Permission denied
rm: cannot remove '/tmp/fm-herdr-presentation.HQLfjN/home/state/carry-backlog.git-hooks/prepare-commit-msg': Permission denied
rm: cannot remove '/tmp/fm-herdr-presentation.HQLfjN/home/state/carry-backlog.git-hooks/pre-merge-commit': Permission denied
rm: cannot remove '/tmp/fm-herdr-presentation.HQLfjN/home/state/carry-backlog.git-hooks/pre-commit': Permission denied
rm: cannot remove '/tmp/fm-herdr-presentation.HQLfjN/home/state/carry-backlog.git-hooks/post-applypatch': Permission denied
rm: cannot remove '/tmp/fm-herdr-presentation.HQLfjN/home/state/carry-backlog.git-hooks/pre-applypatch': Permission denied
rm: cannot remove '/tmp/fm-herdr-presentation.HQLfjN/home/state/carry-backlog.git-hooks/applypatch-msg': Permission denied
rm: cannot remove '/tmp/fm-herdr-presentation.HQLfjN/home/state/carry-backlog.git-hooks/commit-msg': Permission denied
rm: cannot remove '/tmp/fm-herdr-presentation.HQLfjN/home/state/carry-abort.git-hooks/sendemail-validate': Permission denied
rm: cannot remove '/tmp/fm-herdr-presentation.HQLfjN/home/state/carry-abort.git-hooks/pre-auto-gc': Permission denied
rm: cannot remove '/tmp/fm-herdr-presentation.HQLfjN/home/state/carry-abort.git-hooks/post-rewrite': Permission denied
rm: cannot remove '/tmp/fm-herdr-presentation.HQLfjN/home/state/carry-abort.git-hooks/pre-push': Permission denied
rm: cannot remove '/tmp/fm-herdr-presentation.HQLfjN/home/state/carry-abort.git-hooks/post-merge': Permission denied
rm: cannot remove '/tmp/fm-herdr-presentation.HQLfjN/home/state/carry-abort.git-hooks/post-checkout': Permission denied
rm: cannot remove '/tmp/fm-herdr-presentation.HQLfjN/home/state/carry-abort.git-hooks/pre-rebase': Permission denied
rm: cannot remove '/tmp/fm-herdr-presentation.HQLfjN/home/state/carry-abort.git-hooks/post-commit': Permission denied
rm: cannot remove '/tmp/fm-herdr-presentation.HQLfjN/home/state/carry-abort.git-hooks/prepare-commit-msg': Permission denied
rm: cannot remove '/tmp/fm-herdr-presentation.HQLfjN/home/state/carry-abort.git-hooks/pre-merge-commit': Permission denied
rm: cannot remove '/tmp/fm-herdr-presentation.HQLfjN/home/state/carry-abort.git-hooks/pre-commit': Permission denied
rm: cannot remove '/tmp/fm-herdr-presentation.HQLfjN/home/state/carry-abort.git-hooks/post-applypatch': Permission denied
rm: cannot remove '/tmp/fm-herdr-presentation.HQLfjN/home/state/carry-abort.git-hooks/pre-applypatch': Permission denied
rm: cannot remove '/tmp/fm-herdr-presentation.HQLfjN/home/state/carry-abort.git-hooks/applypatch-msg': Permission denied
rm: cannot remove '/tmp/fm-herdr-presentation.HQLfjN/home/state/carry-abort.git-hooks/commit-msg': Permission denied
rm: cannot remove '/tmp/fm-herdr-presentation.HQLfjN/home/state/order-fail.git-hooks/sendemail-validate': Permission denied
rm: cannot remove '/tmp/fm-herdr-presentation.HQLfjN/home/state/order-fail.git-hooks/pre-auto-gc': Permission denied
rm: cannot remove '/tmp/fm-herdr-presentation.HQLfjN/home/state/order-fail.git-hooks/post-rewrite': Permission denied
rm: cannot remove '/tmp/fm-herdr-presentation.HQLfjN/home/state/order-fail.git-hooks/pre-push': Permission denied
rm: cannot remove '/tmp/fm-herdr-presentation.HQLfjN/home/state/order-fail.git-hooks/post-merge': Permission denied
rm: cannot remove '/tmp/fm-herdr-presentation.HQLfjN/home/state/order-fail.git-hooks/post-checkout': Permission denied
rm: cannot remove '/tmp/fm-herdr-presentation.HQLfjN/home/state/order-fail.git-hooks/pre-rebase': Permission denied
rm: cannot remove '/tmp/fm-herdr-presentation.HQLfjN/home/state/order-fail.git-hooks/post-commit': Permission denied
rm: cannot remove '/tmp/fm-herdr-presentation.HQLfjN/home/state/order-fail.git-hooks/prepare-commit-msg': Permission denied
rm: cannot remove '/tmp/fm-herdr-presentation.HQLfjN/home/state/order-fail.git-hooks/pre-merge-commit': Permission denied
rm: cannot remove '/tmp/fm-herdr-presentation.HQLfjN/home/state/order-fail.git-hooks/pre-commit': Permission denied
rm: cannot remove '/tmp/fm-herdr-presentation.HQLfjN/home/state/order-fail.git-hooks/post-applypatch': Permission denied
rm: cannot remove '/tmp/fm-herdr-presentation.HQLfjN/home/state/order-fail.git-hooks/pre-applypatch': Permission denied
rm: cannot remove '/tmp/fm-herdr-presentation.HQLfjN/home/state/order-fail.git-hooks/applypatch-msg': Permission denied
rm: cannot remove '/tmp/fm-herdr-presentation.HQLfjN/home/state/order-fail.git-hooks/commit-msg': Permission denied
rm: cannot remove '/tmp/fm-herdr-presentation.HQLfjN/home/state/order-a.git-hooks/sendemail-validate': Permission denied
rm: cannot remove '/tmp/fm-herdr-presentation.HQLfjN/home/state/order-a.git-hooks/pre-auto-gc': Permission denied
rm: cannot remove '/tmp/fm-herdr-presentation.HQLfjN/home/state/order-a.git-hooks/post-rewrite': Permission denied
rm: cannot remove '/tmp/fm-herdr-presentation.HQLfjN/home/state/order-a.git-hooks/pre-push': Permission denied
rm: cannot remove '/tmp/fm-herdr-presentation.HQLfjN/home/state/order-a.git-hooks/post-merge': Permission denied
rm: cannot remove '/tmp/fm-herdr-presentation.HQLfjN/home/state/order-a.git-hooks/post-checkout': Permission denied
rm: cannot remove '/tmp/fm-herdr-presentation.HQLfjN/home/state/order-a.git-hooks/pre-rebase': Permission denied
rm: cannot remove '/tmp/fm-herdr-presentation.HQLfjN/home/state/order-a.git-hooks/post-commit': Permission denied
rm: cannot remove '/tmp/fm-herdr-presentation.HQLfjN/home/state/order-a.git-hooks/prepare-commit-msg': Permission denied
rm: cannot remove '/tmp/fm-herdr-presentation.HQLfjN/home/state/order-a.git-hooks/pre-merge-commit': Permission denied
rm: cannot remove '/tmp/fm-herdr-presentation.HQLfjN/home/state/order-a.git-hooks/pre-commit': Permission denied
rm: cannot remove '/tmp/fm-herdr-presentation.HQLfjN/home/state/order-a.git-hooks/post-applypatch': Permission denied
rm: cannot remove '/tmp/fm-herdr-presentation.HQLfjN/home/state/order-a.git-hooks/pre-applypatch': Permission denied
rm: cannot remove '/tmp/fm-herdr-presentation.HQLfjN/home/state/order-a.git-hooks/applypatch-msg': Permission denied
rm: cannot remove '/tmp/fm-herdr-presentation.HQLfjN/home/state/order-a.git-hooks/commit-msg': Permission denied
rm: cannot remove '/tmp/fm-herdr-presentation.HQLfjN/home/state/order-b.git-hooks/sendemail-validate': Permission denied
rm: cannot remove '/tmp/fm-herdr-presentation.HQLfjN/home/state/order-b.git-hooks/pre-auto-gc': Permission denied
rm: cannot remove '/tmp/fm-herdr-presentation.HQLfjN/home/state/order-b.git-hooks/post-rewrite': Permission denied
rm: cannot remove '/tmp/fm-herdr-presentation.HQLfjN/home/state/order-b.git-hooks/pre-push': Permission denied
rm: cannot remove '/tmp/fm-herdr-presentation.HQLfjN/home/state/order-b.git-hooks/post-merge': Permission denied
rm: cannot remove '/tmp/fm-herdr-presentation.HQLfjN/home/state/order-b.git-hooks/post-checkout': Permission denied
rm: cannot remove '/tmp/fm-herdr-presentation.HQLfjN/home/state/order-b.git-hooks/pre-rebase': Permission denied
rm: cannot remove '/tmp/fm-herdr-presentation.HQLfjN/home/state/order-b.git-hooks/post-commit': Permission denied
rm: cannot remove '/tmp/fm-herdr-presentation.HQLfjN/home/state/order-b.git-hooks/prepare-commit-msg': Permission denied
rm: cannot remove '/tmp/fm-herdr-presentation.HQLfjN/home/state/order-b.git-hooks/pre-merge-commit': Permission denied
rm: cannot remove '/tmp/fm-herdr-presentation.HQLfjN/home/state/order-b.git-hooks/pre-commit': Permission denied
rm: cannot remove '/tmp/fm-herdr-presentation.HQLfjN/home/state/order-b.git-hooks/post-applypatch': Permission denied
rm: cannot remove '/tmp/fm-herdr-presentation.HQLfjN/home/state/order-b.git-hooks/pre-applypatch': Permission denied
rm: cannot remove '/tmp/fm-herdr-presentation.HQLfjN/home/state/order-b.git-hooks/applypatch-msg': Permission denied
rm: cannot remove '/tmp/fm-herdr-presentation.HQLfjN/home/state/order-b.git-hooks/commit-msg': Permission denied
rm: cannot remove '/tmp/fm-herdr-presentation.HQLfjN/home/state/shape.git-hooks/sendemail-validate': Permission denied
rm: cannot remove '/tmp/fm-herdr-presentation.HQLfjN/home/state/shape.git-hooks/pre-auto-gc': Permission denied
rm: cannot remove '/tmp/fm-herdr-presentation.HQLfjN/home/state/shape.git-hooks/post-rewrite': Permission denied
rm: cannot remove '/tmp/fm-herdr-presentation.HQLfjN/home/state/shape.git-hooks/pre-push': Permission denied
rm: cannot remove '/tmp/fm-herdr-presentation.HQLfjN/home/state/shape.git-hooks/post-merge': Permission denied
rm: cannot remove '/tmp/fm-herdr-presentation.HQLfjN/home/state/shape.git-hooks/post-checkout': Permission denied
rm: cannot remove '/tmp/fm-herdr-presentation.HQLfjN/home/state/shape.git-hooks/pre-rebase': Permission denied
rm: cannot remove '/tmp/fm-herdr-presentation.HQLfjN/home/state/shape.git-hooks/post-commit': Permission denied
rm: cannot remove '/tmp/fm-herdr-presentation.HQLfjN/home/state/shape.git-hooks/prepare-commit-msg': Permission denied
rm: cannot remove '/tmp/fm-herdr-presentation.HQLfjN/home/state/shape.git-hooks/pre-merge-commit': Permission denied
rm: cannot remove '/tmp/fm-herdr-presentation.HQLfjN/home/state/shape.git-hooks/pre-commit': Permission denied
rm: cannot remove '/tmp/fm-herdr-presentation.HQLfjN/home/state/shape.git-hooks/post-applypatch': Permission denied
rm: cannot remove '/tmp/fm-herdr-presentation.HQLfjN/home/state/shape.git-hooks/pre-applypatch': Permission denied
rm: cannot remove '/tmp/fm-herdr-presentation.HQLfjN/home/state/shape.git-hooks/applypatch-msg': Permission denied
rm: cannot remove '/tmp/fm-herdr-presentation.HQLfjN/home/state/shape.git-hooks/commit-msg': Permission denied
rm: cannot remove '/tmp/fm-herdr-presentation.HQLfjN/home/state/anchor.git-hooks/sendemail-validate': Permission denied
rm: cannot remove '/tmp/fm-herdr-presentation.HQLfjN/home/state/anchor.git-hooks/pre-auto-gc': Permission denied
rm: cannot remove '/tmp/fm-herdr-presentation.HQLfjN/home/state/anchor.git-hooks/post-rewrite': Permission denied
rm: cannot remove '/tmp/fm-herdr-presentation.HQLfjN/home/state/anchor.git-hooks/pre-push': Permission denied
rm: cannot remove '/tmp/fm-herdr-presentation.HQLfjN/home/state/anchor.git-hooks/post-merge': Permission denied
rm: cannot remove '/tmp/fm-herdr-presentation.HQLfjN/home/state/anchor.git-hooks/post-checkout': Permission denied
rm: cannot remove '/tmp/fm-herdr-presentation.HQLfjN/home/state/anchor.git-hooks/pre-rebase': Permission denied
rm: cannot remove '/tmp/fm-herdr-presentation.HQLfjN/home/state/anchor.git-hooks/post-commit': Permission denied
rm: cannot remove '/tmp/fm-herdr-presentation.HQLfjN/home/state/anchor.git-hooks/prepare-commit-msg': Permission denied
rm: cannot remove '/tmp/fm-herdr-presentation.HQLfjN/home/state/anchor.git-hooks/pre-merge-commit': Permission denied
rm: cannot remove '/tmp/fm-herdr-presentation.HQLfjN/home/state/anchor.git-hooks/pre-commit': Permission denied
rm: cannot remove '/tmp/fm-herdr-presentation.HQLfjN/home/state/anchor.git-hooks/post-applypatch': Permission denied
rm: cannot remove '/tmp/fm-herdr-presentation.HQLfjN/home/state/anchor.git-hooks/pre-applypatch': Permission denied
rm: cannot remove '/tmp/fm-herdr-presentation.HQLfjN/home/state/anchor.git-hooks/applypatch-msg': Permission denied
rm: cannot remove '/tmp/fm-herdr-presentation.HQLfjN/home/state/anchor.git-hooks/commit-msg': Permission denied
rm: cannot remove '/tmp/fm-herdr-presentation.HQLfjN/home/state/carry-backlog.git-hooks/sendemail-validate': Permission denied
rm: cannot remove '/tmp/fm-herdr-presentation.HQLfjN/home/state/carry-backlog.git-hooks/pre-auto-gc': Permission denied
rm: cannot remove '/tmp/fm-herdr-presentation.HQLfjN/home/state/carry-backlog.git-hooks/post-rewrite': Permission denied
rm: cannot remove '/tmp/fm-herdr-presentation.HQLfjN/home/state/carry-backlog.git-hooks/pre-push': Permission denied
rm: cannot remove '/tmp/fm-herdr-presentation.HQLfjN/home/state/carry-backlog.git-hooks/post-merge': Permission denied
rm: cannot remove '/tmp/fm-herdr-presentation.HQLfjN/home/state/carry-backlog.git-hooks/post-checkout': Permission denied
rm: cannot remove '/tmp/fm-herdr-presentation.HQLfjN/home/state/carry-backlog.git-hooks/pre-rebase': Permission denied
rm: cannot remove '/tmp/fm-herdr-presentation.HQLfjN/home/state/carry-backlog.git-hooks/post-commit': Permission denied
rm: cannot remove '/tmp/fm-herdr-presentation.HQLfjN/home/state/carry-backlog.git-hooks/prepare-commit-msg': Permission denied
rm: cannot remove '/tmp/fm-herdr-presentation.HQLfjN/home/state/carry-backlog.git-hooks/pre-merge-commit': Permission denied
rm: cannot remove '/tmp/fm-herdr-presentation.HQLfjN/home/state/carry-backlog.git-hooks/pre-commit': Permission denied
rm: cannot remove '/tmp/fm-herdr-presentation.HQLfjN/home/state/carry-backlog.git-hooks/post-applypatch': Permission denied
rm: cannot remove '/tmp/fm-herdr-presentation.HQLfjN/home/state/carry-backlog.git-hooks/pre-applypatch': Permission denied
rm: cannot remove '/tmp/fm-herdr-presentation.HQLfjN/home/state/carry-backlog.git-hooks/applypatch-msg': Permission denied
rm: cannot remove '/tmp/fm-herdr-presentation.HQLfjN/home/state/carry-backlog.git-hooks/commit-msg': Permission denied
rm: cannot remove '/tmp/fm-herdr-presentation.HQLfjN/home/state/carry-abort.git-hooks/sendemail-validate': Permission denied
rm: cannot remove '/tmp/fm-herdr-presentation.HQLfjN/home/state/carry-abort.git-hooks/pre-auto-gc': Permission denied
rm: cannot remove '/tmp/fm-herdr-presentation.HQLfjN/home/state/carry-abort.git-hooks/post-rewrite': Permission denied
rm: cannot remove '/tmp/fm-herdr-presentation.HQLfjN/home/state/carry-abort.git-hooks/pre-push': Permission denied
rm: cannot remove '/tmp/fm-herdr-presentation.HQLfjN/home/state/carry-abort.git-hooks/post-merge': Permission denied
rm: cannot remove '/tmp/fm-herdr-presentation.HQLfjN/home/state/carry-abort.git-hooks/post-checkout': Permission denied
rm: cannot remove '/tmp/fm-herdr-presentation.HQLfjN/home/state/carry-abort.git-hooks/pre-rebase': Permission denied
rm: cannot remove '/tmp/fm-herdr-presentation.HQLfjN/home/state/carry-abort.git-hooks/post-commit': Permission denied
rm: cannot remove '/tmp/fm-herdr-presentation.HQLfjN/home/state/carry-abort.git-hooks/prepare-commit-msg': Permission denied
rm: cannot remove '/tmp/fm-herdr-presentation.HQLfjN/home/state/carry-abort.git-hooks/pre-merge-commit': Permission denied
rm: cannot remove '/tmp/fm-herdr-presentation.HQLfjN/home/state/carry-abort.git-hooks/pre-commit': Permission denied
rm: cannot remove '/tmp/fm-herdr-presentation.HQLfjN/home/state/carry-abort.git-hooks/post-applypatch': Permission denied
rm: cannot remove '/tmp/fm-herdr-presentation.HQLfjN/home/state/carry-abort.git-hooks/pre-applypatch': Permission denied
rm: cannot remove '/tmp/fm-herdr-presentation.HQLfjN/home/state/carry-abort.git-hooks/applypatch-msg': Permission denied
rm: cannot remove '/tmp/fm-herdr-presentation.HQLfjN/home/state/carry-abort.git-hooks/commit-msg': Permission denied
rm: cannot remove '/tmp/fm-herdr-presentation.HQLfjN/home/state/order-fail.git-hooks/sendemail-validate': Permission denied
rm: cannot remove '/tmp/fm-herdr-presentation.HQLfjN/home/state/order-fail.git-hooks/pre-auto-gc': Permission denied
rm: cannot remove '/tmp/fm-herdr-presentation.HQLfjN/home/state/order-fail.git-hooks/post-rewrite': Permission denied
rm: cannot remove '/tmp/fm-herdr-presentation.HQLfjN/home/state/order-fail.git-hooks/pre-push': Permission denied
rm: cannot remove '/tmp/fm-herdr-presentation.HQLfjN/home/state/order-fail.git-hooks/post-merge': Permission denied
rm: cannot remove '/tmp/fm-herdr-presentation.HQLfjN/home/state/order-fail.git-hooks/post-checkout': Permission denied
rm: cannot remove '/tmp/fm-herdr-presentation.HQLfjN/home/state/order-fail.git-hooks/pre-rebase': Permission denied
rm: cannot remove '/tmp/fm-herdr-presentation.HQLfjN/home/state/order-fail.git-hooks/post-commit': Permission denied
rm: cannot remove '/tmp/fm-herdr-presentation.HQLfjN/home/state/order-fail.git-hooks/prepare-commit-msg': Permission denied
rm: cannot remove '/tmp/fm-herdr-presentation.HQLfjN/home/state/order-fail.git-hooks/pre-merge-commit': Permission denied
rm: cannot remove '/tmp/fm-herdr-presentation.HQLfjN/home/state/order-fail.git-hooks/pre-commit': Permission denied
rm: cannot remove '/tmp/fm-herdr-presentation.HQLfjN/home/state/order-fail.git-hooks/post-applypatch': Permission denied
rm: cannot remove '/tmp/fm-herdr-presentation.HQLfjN/home/state/order-fail.git-hooks/pre-applypatch': Permission denied
rm: cannot remove '/tmp/fm-herdr-presentation.HQLfjN/home/state/order-fail.git-hooks/applypatch-msg': Permission denied
rm: cannot remove '/tmp/fm-herdr-presentation.HQLfjN/home/state/order-fail.git-hooks/commit-msg': Permission denied
rm: cannot remove '/tmp/fm-herdr-presentation.HQLfjN/home/state/order-a.git-hooks/sendemail-validate': Permission denied
rm: cannot remove '/tmp/fm-herdr-presentation.HQLfjN/home/state/order-a.git-hooks/pre-auto-gc': Permission denied
rm: cannot remove '/tmp/fm-herdr-presentation.HQLfjN/home/state/order-a.git-hooks/post-rewrite': Permission denied
rm: cannot remove '/tmp/fm-herdr-presentation.HQLfjN/home/state/order-a.git-hooks/pre-push': Permission denied
rm: cannot remove '/tmp/fm-herdr-presentation.HQLfjN/home/state/order-a.git-hooks/post-merge': Permission denied
rm: cannot remove '/tmp/fm-herdr-presentation.HQLfjN/home/state/order-a.git-hooks/post-checkout': Permission denied
rm: cannot remove '/tmp/fm-herdr-presentation.HQLfjN/home/state/order-a.git-hooks/pre-rebase': Permission denied
rm: cannot remove '/tmp/fm-herdr-presentation.HQLfjN/home/state/order-a.git-hooks/post-commit': Permission denied
rm: cannot remove '/tmp/fm-herdr-presentation.HQLfjN/home/state/order-a.git-hooks/prepare-commit-msg': Permission denied
rm: cannot remove '/tmp/fm-herdr-presentation.HQLfjN/home/state/order-a.git-hooks/pre-merge-commit': Permission denied
rm: cannot remove '/tmp/fm-herdr-presentation.HQLfjN/home/state/order-a.git-hooks/pre-commit': Permission denied
rm: cannot remove '/tmp/fm-herdr-presentation.HQLfjN/home/state/order-a.git-hooks/post-applypatch': Permission denied
rm: cannot remove '/tmp/fm-herdr-presentation.HQLfjN/home/state/order-a.git-hooks/pre-applypatch': Permission denied
rm: cannot remove '/tmp/fm-herdr-presentation.HQLfjN/home/state/order-a.git-hooks/applypatch-msg': Permission denied
rm: cannot remove '/tmp/fm-herdr-presentation.HQLfjN/home/state/order-a.git-hooks/commit-msg': Permission denied
rm: cannot remove '/tmp/fm-herdr-presentation.HQLfjN/home/state/order-b.git-hooks/sendemail-validate': Permission denied
rm: cannot remove '/tmp/fm-herdr-presentation.HQLfjN/home/state/order-b.git-hooks/pre-auto-gc': Permission denied
rm: cannot remove '/tmp/fm-herdr-presentation.HQLfjN/home/state/order-b.git-hooks/post-rewrite': Permission denied
rm: cannot remove '/tmp/fm-herdr-presentation.HQLfjN/home/state/order-b.git-hooks/pre-push': Permission denied
rm: cannot remove '/tmp/fm-herdr-presentation.HQLfjN/home/state/order-b.git-hooks/post-merge': Permission denied
rm: cannot remove '/tmp/fm-herdr-presentation.HQLfjN/home/state/order-b.git-hooks/post-checkout': Permission denied
rm: cannot remove '/tmp/fm-herdr-presentation.HQLfjN/home/state/order-b.git-hooks/pre-rebase': Permission denied
rm: cannot remove '/tmp/fm-herdr-presentation.HQLfjN/home/state/order-b.git-hooks/post-commit': Permission denied
rm: cannot remove '/tmp/fm-herdr-presentation.HQLfjN/home/state/order-b.git-hooks/prepare-commit-msg': Permission denied
rm: cannot remove '/tmp/fm-herdr-presentation.HQLfjN/home/state/order-b.git-hooks/pre-merge-commit': Permission denied
rm: cannot remove '/tmp/fm-herdr-presentation.HQLfjN/home/state/order-b.git-hooks/pre-commit': Permission denied
rm: cannot remove '/tmp/fm-herdr-presentation.HQLfjN/home/state/order-b.git-hooks/post-applypatch': Permission denied
rm: cannot remove '/tmp/fm-herdr-presentation.HQLfjN/home/state/order-b.git-hooks/pre-applypatch': Permission denied
rm: cannot remove '/tmp/fm-herdr-presentation.HQLfjN/home/state/order-b.git-hooks/applypatch-msg': Permission denied
rm: cannot remove '/tmp/fm-herdr-presentation.HQLfjN/home/state/order-b.git-hooks/commit-msg': Permission denied
rm: cannot remove '/tmp/fm-herdr-presentation.HQLfjN/home/state/shape.git-hooks/sendemail-validate': Permission denied
rm: cannot remove '/tmp/fm-herdr-presentation.HQLfjN/home/state/shape.git-hooks/pre-auto-gc': Permission denied
rm: cannot remove '/tmp/fm-herdr-presentation.HQLfjN/home/state/shape.git-hooks/post-rewrite': Permission denied
rm: cannot remove '/tmp/fm-herdr-presentation.HQLfjN/home/state/shape.git-hooks/pre-push': Permission denied
rm: cannot remove '/tmp/fm-herdr-presentation.HQLfjN/home/state/shape.git-hooks/post-merge': Permission denied
rm: cannot remove '/tmp/fm-herdr-presentation.HQLfjN/home/state/shape.git-hooks/post-checkout': Permission denied
rm: cannot remove '/tmp/fm-herdr-presentation.HQLfjN/home/state/shape.git-hooks/pre-rebase': Permission denied
rm: cannot remove '/tmp/fm-herdr-presentation.HQLfjN/home/state/shape.git-hooks/post-commit': Permission denied
rm: cannot remove '/tmp/fm-herdr-presentation.HQLfjN/home/state/shape.git-hooks/prepare-commit-msg': Permission denied
rm: cannot remove '/tmp/fm-herdr-presentation.HQLfjN/home/state/shape.git-hooks/pre-merge-commit': Permission denied
rm: cannot remove '/tmp/fm-herdr-presentation.HQLfjN/home/state/shape.git-hooks/pre-commit': Permission denied
rm: cannot remove '/tmp/fm-herdr-presentation.HQLfjN/home/state/shape.git-hooks/post-applypatch': Permission denied
rm: cannot remove '/tmp/fm-herdr-presentation.HQLfjN/home/state/shape.git-hooks/pre-applypatch': Permission denied
rm: cannot remove '/tmp/fm-herdr-presentation.HQLfjN/home/state/shape.git-hooks/applypatch-msg': Permission denied
rm: cannot remove '/tmp/fm-herdr-presentation.HQLfjN/home/state/shape.git-hooks/commit-msg': Permission denied
rm: cannot remove '/tmp/fm-herdr-presentation.HQLfjN/home/state/anchor.git-hooks/sendemail-validate': Permission denied
rm: cannot remove '/tmp/fm-herdr-presentation.HQLfjN/home/state/anchor.git-hooks/pre-auto-gc': Permission denied
rm: cannot remove '/tmp/fm-herdr-presentation.HQLfjN/home/state/anchor.git-hooks/post-rewrite': Permission denied
rm: cannot remove '/tmp/fm-herdr-presentation.HQLfjN/home/state/anchor.git-hooks/pre-push': Permission denied
rm: cannot remove '/tmp/fm-herdr-presentation.HQLfjN/home/state/anchor.git-hooks/post-merge': Permission denied
rm: cannot remove '/tmp/fm-herdr-presentation.HQLfjN/home/state/anchor.git-hooks/post-checkout': Permission denied
rm: cannot remove '/tmp/fm-herdr-presentation.HQLfjN/home/state/anchor.git-hooks/pre-rebase': Permission denied
rm: cannot remove '/tmp/fm-herdr-presentation.HQLfjN/home/state/anchor.git-hooks/post-commit': Permission denied
rm: cannot remove '/tmp/fm-herdr-presentation.HQLfjN/home/state/anchor.git-hooks/prepare-commit-msg': Permission denied
rm: cannot remove '/tmp/fm-herdr-presentation.HQLfjN/home/state/anchor.git-hooks/pre-merge-commit': Permission denied
rm: cannot remove '/tmp/fm-herdr-presentation.HQLfjN/home/state/anchor.git-hooks/pre-commit': Permission denied
rm: cannot remove '/tmp/fm-herdr-presentation.HQLfjN/home/state/anchor.git-hooks/post-applypatch': Permission denied
rm: cannot remove '/tmp/fm-herdr-presentation.HQLfjN/home/state/anchor.git-hooks/pre-applypatch': Permission denied
rm: cannot remove '/tmp/fm-herdr-presentation.HQLfjN/home/state/anchor.git-hooks/applypatch-msg': Permission denied
rm: cannot remove '/tmp/fm-herdr-presentation.HQLfjN/home/state/anchor.git-hooks/commit-msg': Permission denied
