START 2026-09-23T04:05:07+08:00
ok - real Herdr lab: an opted-out spawn retains the Stage 1 Herdr command sequence with zero ordering calls
ok - real Herdr lab: a home that configured nothing is projected by default on herdr 0.9.1
ok - real Herdr lab: a fresh same-project space renders one level below its exact home, with create, prune, and move preserving focus
ok - real Herdr lab: persisted-focused seeded prune proceeds when no live client is attached
ok - real Herdr lab: bounded lock contention warns and falls back flat without projection or focus drift
ok - real Herdr lab: concurrent primary workers form one stable contiguous block without active workspace/tab drift
ok - real Herdr lab: forced workspace.move failure leaves a successful worker in default order with a warning and no cleanup
ok - real Herdr lab: concurrent post-create abort cleanup stays serialized with exact focus restoration
ok - real Herdr lab: an aborted carried recovery keeps the task record and durable lease for a rerun
ok - real Herdr lab: an aborted carried recovery keeps its record through a backlog dispatch failure
ok - real Herdr lab: a nested task whose task space was closed carries its own durable checkout through recovery
ok - real Herdr lab: durable nested checkout allocation preserves the task metadata contract
ok - real Herdr lab: exact task-pane close removes the projected workspace with no unrestored wrong-focus interval
ok - real Herdr lab: concurrent projected cleanup is serialized and leaves active workspace/tab unchanged
ok - real Herdr lab: three repeated concurrent create/order/cleanup waves have zero active workspace or tab drift
ok - real Herdr lab: the primary presentation setting inherits into real secondmate homes
ok - real Herdr lab: primary and two secondmate homes each own a contiguous child block beneath its exact source workspace
ok - real Herdr lab: concurrent primary/A/B spawns preserve parent order and exact focus
ok - real Herdr lab: session lock contention from a secondmate home falls back flat with no journal
ok - real Herdr lab: Hi Bit and Wheelhouse-style same-identity restarts reclaim one nested space with exact focus and idempotence
ok - real Herdr lab: secondmate restart binding and reclaim stay isolated to the exact child home and parent
ok - real Herdr lab: concurrent cross-home recoveries replace exact husks under one session lock with no focus drift
ok - real Herdr lab: legacy projection labels and flat secondmate tabs are left unmigrated
ok - real Herdr lab: multi-home exact-pane teardowns restore captain focus without workspace close authority
ok - real Herdr lab: a same-project nested checkout is carried across a full restart and returned by teardown
ok - real Herdr lab: a durable slot claim naming another task is never adopted by recovery
warning: no exact herdr presentation token match for missing1; leaving any stale space untouched and spawning flat
warning: no exact herdr presentation token match for renamed1; leaving any stale space untouched and spawning flat
warning: 2 exact herdr presentation token matches for duplicate1 are quarantined; inspecting only for duplicate-agent risk
warning: quarantined herdr presentation for duplicate1 is dead or agent-free; exact bound reclaim may proceed, otherwise spawning flat
warning: 2 exact herdr presentation token matches for duplicate1 are quarantined; inspecting only for duplicate-agent risk
error: quarantined herdr presentation for duplicate1 has a stale-agent pane; refusing duplicate launch
ok - real Herdr lab: missing, renamed, and duplicate tokens trigger zero destructive or adoptive calls, and live duplicate risk refuses launch
ok - real Herdr lab validation completed on Herdr 0.9.1 with the default-session tripwire intact
EXIT=0 END 2026-09-23T04:11:54+08:00
