ok - local-only worktree with HEAD on a fork remote is torn down and the home summary is refreshed
●━━━━━━━━━━━━━━━━━━━━━━━━━━━━━━━━━━━━━━━━━━━━━━━━━━━━━━━━━━━━━━━━━━━━━━━
●  WATCHER DOWN - SUPERVISION IS OFF
●  1 task(s) in flight, but no live watcher process holds this home lock (last beat: 2s ago).
●  Trust the emitted supervision protocol for this harness; do not use shell & for watcher repair.
●  This is a supervision warning only; the guarded operation WILL still run.
●  repair a missing or failed watcher cycle with the Pi tool fm_watch_arm_pi, or restart Pi with -e /home/ivanl/.no-mistakes/worktrees/bfc710bdae80/01M31QF0G2P1V63BT4BCCSZJ58/.pi/extensions/fm-primary-turnend-guard.ts -e /home/ivanl/.no-mistakes/worktrees/bfc710bdae80/01M31QF0G2P1V63BT4BCCSZJ58/.pi/extensions/fm-primary-pi-watch.ts if the extensions are not loaded.
●━━━━━━━━━━━━━━━━━━━━━━━━━━━━━━━━━━━━━━━━━━━━━━━━━━━━━━━━━━━━━━━━━━━━━━━
warning: lsof is unavailable; cannot resolve the tmux pane process group for task-x1
ok - teardown closes its own backlog item before reporting success
●━━━━━━━━━━━━━━━━━━━━━━━━━━━━━━━━━━━━━━━━━━━━━━━━━━━━━━━━━━━━━━━━━━━━━━━
●  WATCHER DOWN - SUPERVISION IS OFF
●  1 task(s) in flight, but no live watcher process holds this home lock (last beat: 0s ago).
●  Trust the emitted supervision protocol for this harness; do not use shell & for watcher repair.
●  This is a supervision warning only; the guarded operation WILL still run.
●  repair a missing or failed watcher cycle with the Pi tool fm_watch_arm_pi, or restart Pi with -e /home/ivanl/.no-mistakes/worktrees/bfc710bdae80/01M31QF0G2P1V63BT4BCCSZJ58/.pi/extensions/fm-primary-turnend-guard.ts -e /home/ivanl/.no-mistakes/worktrees/bfc710bdae80/01M31QF0G2P1V63BT4BCCSZJ58/.pi/extensions/fm-primary-pi-watch.ts if the extensions are not loaded.
●━━━━━━━━━━━━━━━━━━━━━━━━━━━━━━━━━━━━━━━━━━━━━━━━━━━━━━━━━━━━━━━━━━━━━━━
warning: lsof is unavailable; cannot resolve the tmux pane process group for task-x1
ok - teardown honors config/backlog-backend=manual and still finishes cleanly
ok - local-only worktree with truly unpushed work is refused (safety preserved)
ok - local-only worktree with work merged into local main is torn down (no regression)
ok - no-mistakes worktree with HEAD on origin is torn down (no regression)
ok - no-mistakes worktree with genuinely unlanded work is refused (safety preserved)
ok - local-only worktree with unpushed work is torn down under --force (escape hatch)
ok - fm-pr-check publishes the PR-ready line on a secondmate's parent channel once
ok - a secondmate home's teardown delivers the child's final line or refuses until it can
ok - teardown retires the deliberate-stop marker when an exact busy-state sidecar is already absent
ok - herdr teardown removes pane-owned escalation dedupe state
ok - herdr flat teardown refuses before returning the isolated copy under lock contention and the retry completes cleanly
ok - herdr flat teardown never erases records when pane presence is unparseable
ok - herdr flat teardown preflight refuses before every destructive change
ok - forced secondmate teardown preflights every Herdr child before cleanup mutation
ok - forced secondmate teardown holds every descendant lifecycle and metadata lock
ok - forced secondmate teardown retains Herdr child identity until exact pane disappearance
ok - forced teardown retains a nested secondmate home and its grandchild's Herdr identity when the grandchild close is unconfirmed
ok - herdr projection teardown retires its journal only after confirming the exact recorded pane is gone
ok - herdr projection teardown retains every record when post-close presence is unknown
ok - herdr projection teardown surfaces failed focus restoration without turning confirmed cleanup into a hard failure
ok - squash-merged + deleted-branch worktree (PR merged) is torn down (the fix)
ok - squash-merged PR accepts a local HEAD that is an ancestor of the final PR head
ok - teardown discovers a merged PR by branch name and tears down when no pr= was ever recorded
ok - squash-merged PR accepts replayed unpushed local patches contained in the PR head
ok - merged PR does not allow teardown after a later local commit
ok - squash-merged task whose local branch followed the pipeline rebase is torn down
ok - squash-merged same-path different content still refuses
ok - squash-merged rebased local still refuses a genuinely unlanded follow-up commit
ok - squash-merged stale local still refuses when the forge is unreachable
●━━━━━━━━━━━━━━━━━━━━━━━━━━━━━━━━━━━━━━━━━━━━━━━━━━━━━━━━━━━━━━━━━━━━━━━
●  WATCHER DOWN - SUPERVISION IS OFF
●  1 task(s) in flight, but no live watcher process holds this home lock (last beat: 0s ago).
●  Trust the emitted supervision protocol for this harness; do not use shell & for watcher repair.
●  This is a supervision warning only; the guarded operation WILL still run.
●  repair a missing or failed watcher cycle with the Pi tool fm_watch_arm_pi, or restart Pi with -e /home/ivanl/.no-mistakes/worktrees/bfc710bdae80/01M31QF0G2P1V63BT4BCCSZJ58/.pi/extensions/fm-primary-turnend-guard.ts -e /home/ivanl/.no-mistakes/worktrees/bfc710bdae80/01M31QF0G2P1V63BT4BCCSZJ58/.pi/extensions/fm-primary-pi-watch.ts if the extensions are not loaded.
●━━━━━━━━━━━━━━━━━━━━━━━━━━━━━━━━━━━━━━━━━━━━━━━━━━━━━━━━━━━━━━━━━━━━━━━
fm-contributions: data directory unavailable
contributions: observation not armed; coverage is unconfirmed
WARNING: watcher still down (same stale episode; last beat: 1s ago, grace 300s) - full banner already printed this episode.
fm-contributions: data directory unavailable
contributions: observation not armed; coverage is unconfirmed
ok - fm-pr-check does not refresh PR head after HEAD moves
●━━━━━━━━━━━━━━━━━━━━━━━━━━━━━━━━━━━━━━━━━━━━━━━━━━━━━━━━━━━━━━━━━━━━━━━
●  WATCHER DOWN - SUPERVISION IS OFF
●  1 task(s) in flight, but no live watcher process holds this home lock (last beat: 1s ago).
●  Trust the emitted supervision protocol for this harness; do not use shell & for watcher repair.
●  This is a supervision warning only; the guarded operation WILL still run.
●  repair a missing or failed watcher cycle with the Pi tool fm_watch_arm_pi, or restart Pi with -e /home/ivanl/.no-mistakes/worktrees/bfc710bdae80/01M31QF0G2P1V63BT4BCCSZJ58/.pi/extensions/fm-primary-turnend-guard.ts -e /home/ivanl/.no-mistakes/worktrees/bfc710bdae80/01M31QF0G2P1V63BT4BCCSZJ58/.pi/extensions/fm-primary-pi-watch.ts if the extensions are not loaded.
●━━━━━━━━━━━━━━━━━━━━━━━━━━━━━━━━━━━━━━━━━━━━━━━━━━━━━━━━━━━━━━━━━━━━━━━
fm-contributions: data directory unavailable
contributions: observation not armed; coverage is unconfirmed
ok - fm-pr-check records the remote PR head when the local worktree lags
ok - worktree whose content already landed in the default branch is torn down (content fallback)
ok - content fallback refreshes origin default before comparing trees
ok - dirty worktree is refused even when its committed work has landed (dirty always wins)
ok - gh lookup error with content not in default refuses (fail-safe)
ok - a record predating spawn_gen refuses teardown until --legacy-record is passed
●━━━━━━━━━━━━━━━━━━━━━━━━━━━━━━━━━━━━━━━━━━━━━━━━━━━━━━━━━━━━━━━━━━━━━━━
●  WATCHER DOWN - SUPERVISION IS OFF
●  1 task(s) in flight, but no live watcher process holds this home lock (last beat: 2s ago).
●  Trust the emitted supervision protocol for this harness; do not use shell & for watcher repair.
●  This is a supervision warning only; the guarded operation WILL still run.
●  repair a missing or failed watcher cycle with the Pi tool fm_watch_arm_pi, or restart Pi with -e /home/ivanl/.no-mistakes/worktrees/bfc710bdae80/01M31QF0G2P1V63BT4BCCSZJ58/.pi/extensions/fm-primary-turnend-guard.ts -e /home/ivanl/.no-mistakes/worktrees/bfc710bdae80/01M31QF0G2P1V63BT4BCCSZJ58/.pi/extensions/fm-primary-pi-watch.ts if the extensions are not loaded.
●━━━━━━━━━━━━━━━━━━━━━━━━━━━━━━━━━━━━━━━━━━━━━━━━━━━━━━━━━━━━━━━━━━━━━━━
warning: lsof is unavailable; cannot resolve the tmux pane process group for task-x1
ok - a landed legacy record with a dead endpoint tears down and logs its accepted incarnation
ok - --legacy-record never relaxes the unlanded-work refusal
ok - an endpoint that cannot be confidently read as dead refuses --legacy-record teardown
ok - --legacy-record teardown rolls its stamp back when the close marker write fails
ok - a legacy stamp a failed rollback left behind still faces the endpoint gate
ok - a corrupt spawn_gen is never accepted as a legacy record
ok - provably-stale worktree index.lock (old, no live holder) is cleared and teardown succeeds
ok - live-held worktree index.lock is never removed and teardown refuses
ok - lsof errors leave worktree index.lock in place and refuse teardown
ok - stale lock cleanup rechecks and refuses dirty worktree before return
ok - normal repo index.lock is resolved from the worktree and cleared when stale
ok - lock mtime read failures leave worktree index.lock in place and refuse teardown
ok - transient index.lock cleared after first failed return is retried successfully without force-remove
ok - persistent index.lock exhausts retries and refuses without force-removing the lock
ok - empty retry wait overrides use the default without aborting teardown
ok - fractional legacy retry wait remains supported without arithmetic
ok - a task's own parked no-mistakes run is aborted, not orphaned, before the worker is removed
ok - a parked run the pipeline advanced past the task copy is still concluded from the runs ledger, not orphaned
ok - a ledger row for a different head never authorizes a parked-run abort
ok - a malformed ledger row never authorizes a parked-run abort
ok - an impossible ledger date never authorizes a parked-run abort
ok - a terminal status with a stale gate never reaches ledger cleanup
ok - an advanced head present locally aborts through the strict rule alone - the ledger fallback stays dormant
ok - an unresolvable active row with no same-branch anchor is never concluded (conservative refusal)
ok - an ancestor-only anchor never binds an advanced parked run to this task
ok - a terminal unfetched-head row is stale history and never concludes a run
ok - a terminal newest row anchored at this worktree's head never authorizes an abort
ok - a resolvable diverged newer same-branch row makes every older row stale history; no run is concluded
ok - consecutive unresolvable rows are ambiguous and never conclude a run
ok - a ledger-proven continuation is still left alone while the run is autonomously active
ok - teardown refuses before reap or removal when a task-owned run remains parked
ok - a different run cannot confirm the targeted abort
ok - empty post-abort status is not accepted as confirmation
ok - the CLI's exact run-not-found signal confirms completion
ok - a parked run on another branch is never aborted by this task's teardown (ownership is precise)
ok - a task-owned autonomous running step is left alone rather than aborted
not ok - leaked-process-reap: leaked worktree process survived teardown

real	2m20.318s
user	1m15.354s
sys	1m7.200s
