ok - PATH skew is reported by asking every copy on PATH for its own version
ok - no report when PATH already resolves the newest installed copy
ok - two copies of the same version are not skew
ok - one copy reached through two PATH entries is probed once as one install
ok - a copy that reports no version is a check failure, not a pass
ok - a watched command missing from PATH is reported
ok - a tool's own update announcement is read from its output
ok - an announcement carried by another command is read from that command
ok - an announce_pattern that cannot be used is reported instead of read as silence
ok - a broken pattern is reported for its own tool and the rest of the sweep still reports
ok - an announcement source the budget could not reach is reported, not read as current
ok - an announcement probe that does not answer is reported, not read as current
ok - a transiently slow probe is retried within the budget, not read as unavailable
ok - a slow but in-bound tail probe is not read as a tool that did not answer
ok - a tool that announces nothing stays silent
ok - commits behind the origin branch are reported without touching the repository
ok - an omitted branch is detected from the remote's default branch
ok - the default branch is asked of the remote when the clone has no local record
ok - a repository that is current or ahead of its origin branch is silent
ok - an unusable git source is reported as a check failure
ok - a remote that cannot be read is reported as unreadable, not as a missing branch
ok - a branch a readable remote does not have is still reported as missing
ok - git probes stop and name their tool once the sweep budget is gone
ok - a git probe that does not answer is reported as a failure, never as an update
ok - a stalled repository probe is reported as no answer, not as not a repository
ok - a transiently slow git probe is retried within the budget, not read as unavailable
ok - no watched tool registry means no output at all
ok - a malformed registry is reported instead of quietly skipped
ok - the same pending update is reported once, and a change is reported again
ok - an over-long report is cut with the shared truncation marker
ok - a finding that lands past the cut is still reported as news
ok - probes run once per interval, not on every poll
ok - a budget that cannot fit the watcher bound is cut and reported, and the sweep keeps working
ok - a derived default budget cut is silent on a fully current home
ok - an out of range bound or unknown action refuses instead of guessing
ok - arm registers a trusted check and disarm removes every trace
ok - a symlink at the shim path is refused instead of followed
ok - a failed registration never leaves a shim without a matching trust binding
ok - a re-arm that loses the trust binding leaves no shim behind
ok - a relative home is resolved before it is persisted into the shim
ok - the armed check reaches the watcher as an ordinary check wake
